RAM Allocation [bytes]
Variable                                                                          Address   Size
------------------------------------------------------------------------------------------------
v_ref                                                                             0x0160       4
v_1                                                                               0x0164       4
v_2                                                                               0x0168       4
buff                                                                              0x016C      16
_base_y (alcd.lib)                                                                0x017C       4
_seed (stdlib.lib)                                                                0x0180       4

EEPROM Allocation [bytes]
Variable                                                                          Address   Size
------------------------------------------------------------------------------------------------

Register Allocation
Variable                                                                          Register  Size
------------------------------------------------------------------------------------------------
_lcd_x                                                                            R5           1
_lcd_y                                                                            R4           1
_lcd_maxx                                                                         R7           1

FLASH Allocation [words]
Function                                                                          Address   Size
------------------------------------------------------------------------------------------------
read_adc                                                                          0x00078     14
main                                                                              0x00086     76
_lcd_write_nibble_G100                                                            0x000D2     21
_lcd_write_data                                                                   0x000E7     13
lcd_gotoxy                                                                        0x000F4     18
lcd_clear                                                                         0x00106     10
lcd_putchar                                                                       0x00110     19
lcd_puts                                                                          0x00123     15
lcd_init                                                                          0x00132     43
put_buff_G101                                                                     0x0015D     43
_ftoe_G101                                                                        0x00188    154
_print_G101                                                                       0x00222    476
sprintf                                                                           0x003FE     49
strcpyf                                                                           0x0042F     13
strlen                                                                            0x0043C     12
strlenf                                                                           0x00448     13
ftrunc                                                                            0x00455     48
floor                                                                             0x00485     16
ftoa                                                                              0x00495    148
